--- LoopBot Logic Test Suite ---

Testing: Sell Intent
Input: "Hey LoopBot, I want to sell my HP Laptop for 250000 in Electronics"
node.exe : OPENAI_API_KEY 
not found. Using simple 
keyword parsing.
At line:1 char:1
+ & "C:\Program 
Files\nodejs/node.exe" 
"C:\Program 
Files\nodejs/node_mo ...
+ ~~~~~~~~~~~~~~~~~~~~~~~~
~~~~~~~~~~~~~~~~~~~~~~~~~~
~~~~~~~~~~~~~~~~~~~
    + CategoryInfo        
      : NotSpe    cified: 
(OPENAI_    API_KEY 
...eywor    d 
parsing.:Strin    g) [], 
RemoteExc    eption
    + FullyQualified    
ErrorId : Native    
CommandError
 
Extracted Data: {
  "intent": "sell",
  "title": "Hey LoopBot, I want to  my HP Laptop for 250000 in Electronics"
}

Testing: Request Intent
Input: "I really need a private tutor for MTH101. Anyone available?"
OPENAI_API_KEY not found. 
Using simple keyword 
parsing.
Extracted Data: {
  "intent": "request",
  "title": "I really  a private tutor for MTH101. Anyone available?"
}

Testing: Karma Intent
Input: "What is my karma?"
OPENAI_API_KEY not found. 
Using simple keyword 
parsing.
Extracted Data: {
  "intent": "karma"
}
Simulating Karma Action...
Γ¥î Test failed for Karma 
Intent: Error: 
supabaseUrl is required.
    at 
validateSupabaseUrl (C:\Us
ers\LENOVO\Documents\Loops
\node_modules\@supabase\su
pabase-js\src\lib\helpers.
ts:86:11)
    at new SupabaseClient 
(C:\Users\LENOVO\Documents
\Loops\node_modules\@supab
ase\supabase-js\src\Supaba
seClient.ts:117:21)
    at createClient (C:\Us
ers\LENOVO\Documents\Loops
\node_modules\@supabase\su
pabase-js\src\index.ts:60:
10)
    at createEdgeClient (C
:\Users\LENOVO\Documents\L
oops\src\lib\supabase\edge
.ts:4:12)
    at handleBotAction (C:
\Users\LENOVO\Documents\Lo
ops\src\lib\ai-agent.ts:69
:28)
    at testLoopBot (C:\Use
rs\LENOVO\Documents\Loops\
src\lib\test-loopbot.ts:50
:37)

Testing: Search Intent
Input: "Find me some cheap coding books"
OPENAI_API_KEY not found. 
Using simple keyword 
parsing.
Extracted Data: {
  "intent": "search",
  "query": "me some cheap coding books"
}

Γ£à Test Suite completed.
